1 Failure nodes. (0 pending and 1 failing)

Failing nodes:

  Node id: 6
  Failure reason:
    Structural matching failed, the following cells failed individually (antecedent #Implies consequent):
    STATE_CELL: $n |-> 2 #Implies 1
  Path condition:
    #Top

Join the Runtime Verification Discord server for support: https://discord.gg/CurfmXNtbN
